// Jest Snapshot v1, https://goo.gl/fbAQLP

exports[`VueErrorDemo.vue renders ok 1`] = `
<div
  class="container"
>
  <div
    class="message"
  >
    Welcome to the Vue.js cookbook
  </div>
  Enter your username:
  
  <input
    type="text"
  />
   
  <div
    class="error"
  >
    Please enter a username with at least seven letters.
  </div>
</div>
`;
